// Jest Snapshot v1, https://goo.gl/fbAQLP

exports[`EditExpensePage - render page 1`] = `
<div>
  <div
    className="page-header"
  >
    <div
      className="content-container"
    >
      <h2
        className="page-header__title"
      >
        Edit Expense
      </h2>
    </div>
  </div>
  <div
    className="content-container"
  >
    <ExpenseForm
      expense={
        Object {
          "amount": 14.95,
          "createdAt": 1509811200000,
          "description": "Gummy bears",
          "id": "vcv28f0nr8fn",
          "note": "A whole box",
        }
      }
      onSubmit={[Function]}
    />
    <button
      className="btn btn--secondary"
      onClick={[Function]}
    >
      Remove Expense
    </button>
  </div>
</div>
`;
