// Jest Snapshot v1, https://goo.gl/fbAQLP

exports[`render LoginPage 1`] = `
<div
  className="box-layout"
>
  <div
    className="box-layout__box"
  >
    <h1
      className="box-layout__title"
    >
      Expensify
    </h1>
    <p
      className="box-layout__description"
    >
      It's time to get your expenses under control
    </p>
    <button
      className="btn"
      onClick={[Function]}
    >
      Login with Google
    </button>
  </div>
</div>
`;
